../Core/Src/pingpong_functions.c:13:6:Led_on	24	static
../Core/Src/pingpong_functions.c:67:6:Led_on2	24	static
../Core/Src/pingpong_functions.c:111:6:Led_All_on	8	static
../Core/Src/pingpong_functions.c:130:6:Led_off	8	static
../Core/Src/pingpong_functions.c:148:6:Led_Flash	16	static
../Core/Src/pingpong_functions.c:165:6:Show_Points	24	static
../Core/Src/pingpong_functions.c:178:6:Show_End_Points	24	static
../Core/Src/pingpong_functions.c:197:6:L_hit	8	static
../Core/Src/pingpong_functions.c:208:6:R_hit	8	static
