15:06:15 **** Incremental Build of configuration Debug for project Ping_Pong ****
make -j16 all 
arm-none-eabi-gcc "../Core/Src/main.c" -mcpu=cortex-m4 -std=gnu11 -g3 -DDEBUG -DUSE_HAL_DRIVER -DSTM32L476xx -c -I../Core/Inc -I../Drivers/STM32L4xx_HAL_Driver/Inc -I../Drivers/STM32L4xx_HAL_Driver/Inc/Legacy -I../Drivers/CMSIS/Device/ST/STM32L4xx/Include -I../Drivers/CMSIS/Include -O0 -ffunction-sections -fdata-sections -Wall -fstack-usage -fcyclomatic-complexity -MMD -MP -MF"Core/Src/main.d" -MT"Core/Src/main.o" --specs=nano.specs -mfpu=fpv4-sp-d16 -mfloat-abi=hard -mthumb -o "Core/Src/main.o"
arm-none-eabi-gcc -o "Ping_Pong.elf" @"objects.list"   -mcpu=cortex-m4 -T"C:\Users\erik\Documents\GitHub\IS1300-Embedded_Systems\Ping_Pong\STM32L476RGTX_FLASH.ld" --specs=nosys.specs -Wl,-Map="Ping_Pong.map" -Wl,--gc-sections -static --specs=nano.specs -mfpu=fpv4-sp-d16 -mfloat-abi=hard -mthumb -Wl,--start-group -lc -lm -Wl,--end-group
Finished building target: Ping_Pong.elf
 
arm-none-eabi-size  Ping_Pong.elf 
arm-none-eabi-objdump -h -S Ping_Pong.elf  > "Ping_Pong.list"
   text	   data	    bss	    dec	    hex	filename
   6532	     12	   1572	   8116	   1fb4	Ping_Pong.elf
Finished building: default.size.stdout
 
Finished building: Ping_Pong.list
 

15:06:15 Build Finished. 0 errors, 0 warnings. (took 713ms)

