15:30:31 **** Incremental Build of configuration Debug for project RTOS_LAB_TASK_1 ****
make -j16 all 
arm-none-eabi-gcc "../Core/Src/freertos.c" -mcpu=cortex-m4 -std=gnu11 -g3 -DDEBUG -DUSE_HAL_DRIVER -DSTM32L476xx -c -I../Core/Inc -I../Drivers/STM32L4xx_HAL_Driver/Inc -I../Drivers/STM32L4xx_HAL_Driver/Inc/Legacy -I../Drivers/CMSIS/Device/ST/STM32L4xx/Include -I../Drivers/CMSIS/Include -I../Middlewares/Third_Party/FreeRTOS/Source/include -I../Middlewares/Third_Party/FreeRTOS/Source/CMSIS_RTOS_V2 -I../Middlewares/Third_Party/FreeRTOS/Source/portable/GCC/ARM_CM4F -O0 -ffunction-sections -fdata-sections -Wall -fstack-usage -fcyclomatic-complexity -MMD -MP -MF"Core/Src/freertos.d" -MT"Core/Src/freertos.o" --specs=nano.specs -mfpu=fpv4-sp-d16 -mfloat-abi=hard -mthumb -o "Core/Src/freertos.o"
arm-none-eabi-gcc -o "RTOS_LAB_TASK_1.elf" @"objects.list"   -mcpu=cortex-m4 -T"C:\Users\erik\Documents\GitHub\IS1300-Embedded_Systems\RTOS_LAB_TASK_1\STM32L476RGTX_FLASH.ld" --specs=nosys.specs -Wl,-Map="RTOS_LAB_TASK_1.map" -Wl,--gc-sections -static --specs=nano.specs -mfpu=fpv4-sp-d16 -mfloat-abi=hard -mthumb -Wl,--start-group -lc -lm -Wl,--end-group
Finished building target: RTOS_LAB_TASK_1.elf
 
arm-none-eabi-size  RTOS_LAB_TASK_1.elf 
arm-none-eabi-objdump -h -S RTOS_LAB_TASK_1.elf  > "RTOS_LAB_TASK_1.list"
   text	   data	    bss	    dec	    hex	filename
  28044	     96	   9696	  37836	   93cc	RTOS_LAB_TASK_1.elf
Finished building: default.size.stdout
 
Finished building: RTOS_LAB_TASK_1.list
 

15:30:33 Build Finished. 0 errors, 0 warnings. (took 1s.821ms)

